// Jest Snapshot v1, https://goo.gl/fbAQLP

exports[`topics module reducer and checkerJSON 1`] = `"{\\"permits\\":[{\\"name\\":\\"Sloopvergunning - toestemming slopen in BSG\\",\\"questions\\":[{\\"text\\":\\"Ligt het adres waar u wilt slopen in een beschermd stads- of dorpsgezicht?\\",\\"description\\":\\"We kunnen op dit moment deze vraag niet automatisch beantwoorden. Bekijk op de kaart of het adres in een beschermd stads- of dorpsgezicht ligt. En of het om een rijksbeschermd of gemeentelijk beschermd stads- of dorpsgezicht gaat.\\\\n\\\\nRijksbeschermde stads- of dorpsgezichten zijn op de kaart blauw gekleurd. De gemeentelijk beschermde stads- of dorpsgezichten zijn rood of geel.\\",\\"autofill\\":\\"cityScapeWithoutEntity\\",\\"options\\":[\\"Ja, in een rijksbeschermd stads- of dorpsgezicht.\\",\\"Ja, in een gemeentelijk beschermd stads- of dorpsgezicht.\\",\\"Nee\\"],\\"type\\":\\"string\\",\\"prio\\":10,\\"id\\":\\"a6b475b7a806f4e230c73adabd240d1ef118a7307d00e15254ad4a8af82fa4fa\\"},{\\"text\\":\\"Gaat het om een bouwwerk dat maar een deel van het jaar op zijn plek staat?\\",\\"description\\":\\"Bijvoorbeeld een strandtent die ieder jaar wordt opgebouwd, een paar maanden gebruikt en dan weer verwijderd.\\",\\"options\\":[\\"Ja, het staat maar een deel van het jaar op zijn plek.\\",\\"Nee, het staat het hele jaar op zijn plek.\\"],\\"type\\":\\"string\\",\\"prio\\":20,\\"uuid\\":\\"sloop-seizoen1\\",\\"id\\":\\"1153c64aa16246082881d03564c9b67a9e4ae61baa32a25e88f08d4447d4f0d2\\"},{\\"text\\":\\"Als u het bouwwerk opnieuw zou bouwen, mag dat dan zonder vergunning?\\",\\"description\\":\\"Als u geen vergunning nodig hebt voor het bouwen, dan hebt u ook geen vergunning nodig voor het slopen. Weet u het antwoord nog niet, dan kunt u [een aparte vergunningcheck doen](https://www.amsterdam.nl/veelgevraagd/?productid=%7BF739272F-F234-4475-B7EC-31DB44365F96%7D) om hierachter te komen.\\",\\"type\\":\\"boolean\\",\\"prio\\":30,\\"id\\":\\"f35ee0478274a309d1d6f4a56e898dd5c796747be83b65aa5409c7ae0bca6077\\"},{\\"text\\":\\"Hebt u van de gemeente een brief ontvangen waarin staat dat u moet slopen?\\",\\"type\\":\\"boolean\\",\\"prio\\":40,\\"uuid\\":\\"sloop-aanschrijving1\\",\\"id\\":\\"6342d5f76f7d8fff22872e1844fe66d44e8dc7b4598c5d3af5cbe7b4897fcdac\\"},{\\"text\\":\\"Gaat u een deel van een bouwwerk slopen?\\",\\"description\\":\\"Een bouwwerk is bijvoorbeeld een gebouw of een schuur. Ook een muur of een schutting is een bouwwerk.\\\\n\\\\nEen deel van een bouwwerk is bijvoorbeeld een raamkozijn, een dakkapel of een dak.\\",\\"type\\":\\"boolean\\",\\"prio\\":50,\\"uuid\\":\\"sloop-onderhoud1\\",\\"id\\":\\"cbbfd30960a9495944634e5fa9f4922d6d4d388f12704505768c3d64871b5787\\"},{\\"text\\":\\"Gaat u dat deel vervangen door een nieuw deel?\\",\\"description\\":\\"U gaat bijvoorbeeld een raamkozijn, een dakkapel of een dak vervangen door een nieuwe.\\",\\"type\\":\\"boolean\\",\\"prio\\":60,\\"uuid\\":\\"sloop-onderhoud2\\",\\"id\\":\\"26f3ee3a44ef771895b1663c10f94c930bc3dbc802321a18420d095b7f176ab5\\"},{\\"text\\":\\"Verandert de kleur of het soort materiaal?\\",\\"type\\":\\"boolean\\",\\"prio\\":70,\\"uuid\\":\\"sloop-onderhoud3\\",\\"id\\":\\"b0dd402d33586bf684644b6d650346bf7935b97f700ed6c4c7fc3635502533dc\\"},{\\"text\\":\\"Verandert de vorm, de grootte of het profiel?\\",\\"description\\":\\"U vervangt bijvoorbeeld de openslaande deuren door een schuifpui, waardoor het profiel van het kozijn verandert.\\\\n\\\\nOf u verandert de dikte van het dak. Een ander voorbeeld is dat u het dak schuiner of rechter op het gebouw plaatst.\\",\\"type\\":\\"boolean\\",\\"prio\\":80,\\"uuid\\":\\"sloop-onderhoud4\\",\\"id\\":\\"4e1eaec2262ddb0f38c8a9c995d1dee47ad3af0aaa9380e7e90b74e7e3480c91\\"}],\\"decisions\\":{\\"296aaecc92bd5b52818c476d1df909bee7d5d350b873bd5bd5d7bfd8b58b337e\\":{\\"requiredInputs\\":[\\"a6b475b7a806f4e230c73adabd240d1ef118a7307d00e15254ad4a8af82fa4fa\\",\\"1153c64aa16246082881d03564c9b67a9e4ae61baa32a25e88f08d4447d4f0d2\\",\\"f35ee0478274a309d1d6f4a56e898dd5c796747be83b65aa5409c7ae0bca6077\\"],\\"decisionTable\\":{\\"rules\\":[{\\"inputs\\":[\\"\\\\\\"Ja, in een rijksbeschermd stads- of dorpsgezicht.\\\\\\"\\",\\"\\\\\\"Nee, het staat het hele jaar op zijn plek.\\\\\\"\\",false],\\"output\\":\\"\\\\\\"Vergunningplicht\\\\\\"\\"},{\\"inputs\\":[\\"\\\\\\"Ja, in een gemeentelijk beschermd stads- of dorpsgezicht.\\\\\\"\\",\\"-\\",\\"-\\"],\\"output\\":\\"\\\\\\"no hit\\\\\\"\\"},{\\"inputs\\":[\\"\\\\\\"Nee\\\\\\"\\",\\"-\\",\\"-\\"],\\"output\\":\\"\\\\\\"no hit\\\\\\"\\"},{\\"inputs\\":[\\"-\\",\\"\\\\\\"Ja, het staat maar een deel van het jaar op zijn plek.\\\\\\"\\",\\"-\\"],\\"output\\":\\"\\\\\\"no hit\\\\\\"\\"},{\\"inputs\\":[\\"-\\",\\"-\\",true],\\"output\\":\\"\\\\\\"no hit\\\\\\"\\"}]}},\\"7b9e693c9c87ff1828a46152ecaf94e1acf801fb72a47fa4019bde0dec8f90c4\\":{\\"requiredInputs\\":[\\"a6b475b7a806f4e230c73adabd240d1ef118a7307d00e15254ad4a8af82fa4fa\\",\\"6342d5f76f7d8fff22872e1844fe66d44e8dc7b4598c5d3af5cbe7b4897fcdac\\",\\"cbbfd30960a9495944634e5fa9f4922d6d4d388f12704505768c3d64871b5787\\"],\\"decisionTable\\":{\\"rules\\":[{\\"inputs\\":[\\"\\\\\\"Ja, in een gemeentelijk beschermd stads- of dorpsgezicht.\\\\\\"\\",false,false],\\"output\\":\\"\\\\\\"Vergunningplicht\\\\\\"\\"},{\\"inputs\\":[\\"\\\\\\"Ja, in een rijksbeschermd stads- of dorpsgezicht.\\\\\\"\\",\\"-\\",\\"-\\"],\\"output\\":\\"\\\\\\"no hit\\\\\\"\\"},{\\"inputs\\":[\\"\\\\\\"Nee\\\\\\"\\",\\"-\\",\\"-\\"],\\"output\\":\\"\\\\\\"no hit\\\\\\"\\"},{\\"inputs\\":[\\"-\\",true,\\"-\\"],\\"output\\":\\"\\\\\\"no hit\\\\\\"\\"},{\\"inputs\\":[\\"-\\",\\"-\\",true],\\"output\\":\\"\\\\\\"no hit\\\\\\"\\"}]}},\\"8ab3cdc58b6aee4046bc8018c2381b2878dcee7d06eb7a5f7d4a8f5fb4b154d3\\":{\\"requiredInputs\\":[\\"a6b475b7a806f4e230c73adabd240d1ef118a7307d00e15254ad4a8af82fa4fa\\",\\"6342d5f76f7d8fff22872e1844fe66d44e8dc7b4598c5d3af5cbe7b4897fcdac\\",\\"cbbfd30960a9495944634e5fa9f4922d6d4d388f12704505768c3d64871b5787\\",\\"26f3ee3a44ef771895b1663c10f94c930bc3dbc802321a18420d095b7f176ab5\\"],\\"decisionTable\\":{\\"rules\\":[{\\"inputs\\":[\\"\\\\\\"Ja, in een gemeentelijk beschermd stads- of dorpsgezicht.\\\\\\"\\",false,true,false],\\"output\\":\\"\\\\\\"Vergunningplicht\\\\\\"\\"},{\\"inputs\\":[\\"\\\\\\"Ja, in een rijksbeschermd stads- of dorpsgezicht.\\\\\\"\\",\\"-\\",\\"-\\",\\"-\\"],\\"output\\":\\"\\\\\\"no hit\\\\\\"\\"},{\\"inputs\\":[\\"\\\\\\"Nee\\\\\\"\\",\\"-\\",\\"-\\",\\"-\\"],\\"output\\":\\"\\\\\\"no hit\\\\\\"\\"},{\\"inputs\\":[\\"-\\",true,\\"-\\",\\"-\\"],\\"output\\":\\"\\\\\\"no hit\\\\\\"\\"},{\\"inputs\\":[\\"-\\",\\"-\\",false,\\"-\\"],\\"output\\":\\"\\\\\\"no hit\\\\\\"\\"},{\\"inputs\\":[\\"-\\",\\"-\\",\\"-\\",true],\\"output\\":\\"\\\\\\"no hit\\\\\\"\\"}]}},\\"463b255e96e3313dbb39bcb48ec7b32c741afd34c6b5e5883b5d9d9ecca8f941\\":{\\"requiredInputs\\":[\\"a6b475b7a806f4e230c73adabd240d1ef118a7307d00e15254ad4a8af82fa4fa\\",\\"6342d5f76f7d8fff22872e1844fe66d44e8dc7b4598c5d3af5cbe7b4897fcdac\\",\\"cbbfd30960a9495944634e5fa9f4922d6d4d388f12704505768c3d64871b5787\\",\\"26f3ee3a44ef771895b1663c10f94c930bc3dbc802321a18420d095b7f176ab5\\",\\"b0dd402d33586bf684644b6d650346bf7935b97f700ed6c4c7fc3635502533dc\\"],\\"decisionTable\\":{\\"rules\\":[{\\"inputs\\":[\\"\\\\\\"Ja, in een gemeentelijk beschermd stads- of dorpsgezicht.\\\\\\"\\",false,true,true,true],\\"output\\":\\"\\\\\\"Vergunningplicht\\\\\\"\\"},{\\"inputs\\":[\\"\\\\\\"Ja, in een rijksbeschermd stads- of dorpsgezicht.\\\\\\"\\",\\"-\\",\\"-\\",\\"-\\",\\"-\\"],\\"output\\":\\"\\\\\\"no hit\\\\\\"\\"},{\\"inputs\\":[\\"\\\\\\"Nee\\\\\\"\\",\\"-\\",\\"-\\",\\"-\\",\\"-\\"],\\"output\\":\\"\\\\\\"no hit\\\\\\"\\"},{\\"inputs\\":[\\"-\\",true,\\"-\\",\\"-\\",\\"-\\"],\\"output\\":\\"\\\\\\"no hit\\\\\\"\\"},{\\"inputs\\":[\\"-\\",\\"-\\",false,\\"-\\",\\"-\\"],\\"output\\":\\"\\\\\\"no hit\\\\\\"\\"},{\\"inputs\\":[\\"-\\",\\"-\\",\\"-\\",false,\\"-\\"],\\"output\\":\\"\\\\\\"no hit\\\\\\"\\"},{\\"inputs\\":[\\"-\\",\\"-\\",\\"-\\",\\"-\\",false],\\"output\\":\\"\\\\\\"no hit\\\\\\"\\"}]}},\\"bb8d4139dca7fa3d202fa75a39fad0245eb5767b1e6b9369025927303e9ae9e6\\":{\\"requiredInputs\\":[\\"a6b475b7a806f4e230c73adabd240d1ef118a7307d00e15254ad4a8af82fa4fa\\",\\"6342d5f76f7d8fff22872e1844fe66d44e8dc7b4598c5d3af5cbe7b4897fcdac\\",\\"cbbfd30960a9495944634e5fa9f4922d6d4d388f12704505768c3d64871b5787\\",\\"26f3ee3a44ef771895b1663c10f94c930bc3dbc802321a18420d095b7f176ab5\\",\\"b0dd402d33586bf684644b6d650346bf7935b97f700ed6c4c7fc3635502533dc\\",\\"4e1eaec2262ddb0f38c8a9c995d1dee47ad3af0aaa9380e7e90b74e7e3480c91\\"],\\"decisionTable\\":{\\"rules\\":[{\\"inputs\\":[\\"\\\\\\"Ja, in een gemeentelijk beschermd stads- of dorpsgezicht.\\\\\\"\\",false,true,true,false,true],\\"output\\":\\"\\\\\\"Vergunningplicht\\\\\\"\\"},{\\"inputs\\":[\\"\\\\\\"Ja, in een rijksbeschermd stads- of dorpsgezicht.\\\\\\"\\",\\"-\\",\\"-\\",\\"-\\",\\"-\\",\\"-\\"],\\"output\\":\\"\\\\\\"no hit\\\\\\"\\"},{\\"inputs\\":[\\"\\\\\\"Nee\\\\\\"\\",\\"-\\",\\"-\\",\\"-\\",\\"-\\",\\"-\\"],\\"output\\":\\"\\\\\\"no hit\\\\\\"\\"},{\\"inputs\\":[\\"-\\",true,\\"-\\",\\"-\\",\\"-\\",\\"-\\"],\\"output\\":\\"\\\\\\"no hit\\\\\\"\\"},{\\"inputs\\":[\\"-\\",\\"-\\",false,\\"-\\",\\"-\\",\\"-\\"],\\"output\\":\\"\\\\\\"no hit\\\\\\"\\"},{\\"inputs\\":[\\"-\\",\\"-\\",\\"-\\",false,\\"-\\",\\"-\\"],\\"output\\":\\"\\\\\\"no hit\\\\\\"\\"},{\\"inputs\\":[\\"-\\",\\"-\\",\\"-\\",\\"-\\",true,\\"-\\"],\\"output\\":\\"\\\\\\"no hit\\\\\\"\\"},{\\"inputs\\":[\\"-\\",\\"-\\",\\"-\\",\\"-\\",\\"-\\",false],\\"output\\":\\"\\\\\\"no hit\\\\\\"\\"}]}},\\"dummy\\":{\\"requiredDecisions\\":[\\"296aaecc92bd5b52818c476d1df909bee7d5d350b873bd5bd5d7bfd8b58b337e\\",\\"7b9e693c9c87ff1828a46152ecaf94e1acf801fb72a47fa4019bde0dec8f90c4\\",\\"8ab3cdc58b6aee4046bc8018c2381b2878dcee7d06eb7a5f7d4a8f5fb4b154d3\\",\\"463b255e96e3313dbb39bcb48ec7b32c741afd34c6b5e5883b5d9d9ecca8f941\\",\\"bb8d4139dca7fa3d202fa75a39fad0245eb5767b1e6b9369025927303e9ae9e6\\"],\\"decisionTable\\":{\\"rules\\":[{\\"inputs\\":[\\"\\\\\\"Vergunningplicht\\\\\\"\\",\\"-\\",\\"-\\",\\"-\\",\\"-\\"],\\"output\\":\\"\\\\\\"Vergunningplicht\\\\\\"\\"},{\\"inputs\\":[\\"-\\",\\"\\\\\\"Vergunningplicht\\\\\\"\\",\\"-\\",\\"-\\",\\"-\\"],\\"output\\":\\"\\\\\\"Vergunningplicht\\\\\\"\\"},{\\"inputs\\":[\\"-\\",\\"-\\",\\"\\\\\\"Vergunningplicht\\\\\\"\\",\\"-\\",\\"-\\"],\\"output\\":\\"\\\\\\"Vergunningplicht\\\\\\"\\"},{\\"inputs\\":[\\"-\\",\\"-\\",\\"-\\",\\"\\\\\\"Vergunningplicht\\\\\\"\\",\\"-\\"],\\"output\\":\\"\\\\\\"Vergunningplicht\\\\\\"\\"},{\\"inputs\\":[\\"-\\",\\"-\\",\\"-\\",\\"-\\",\\"\\\\\\"Vergunningplicht\\\\\\"\\"],\\"output\\":\\"\\\\\\"Vergunningplicht\\\\\\"\\"},{\\"inputs\\":[\\"\\\\\\"no hit\\\\\\"\\",\\"\\\\\\"no hit\\\\\\"\\",\\"\\\\\\"no hit\\\\\\"\\",\\"\\\\\\"no hit\\\\\\"\\",\\"\\\\\\"no hit\\\\\\"\\"],\\"output\\":\\"\\\\\\"Toestemmingsvrij\\\\\\"\\"}]}}}},{\\"name\\":\\"Sloopmelding\\",\\"questions\\":[{\\"text\\":\\"Gaat het om een bouwwerk dat maar een deel van het jaar op zijn plek staat?\\",\\"description\\":\\"Bijvoorbeeld een strandtent die ieder jaar wordt opgebouwd, een paar maanden gebruikt en dan weer verwijderd.\\",\\"options\\":[\\"Ja, het staat maar een deel van het jaar op zijn plek.\\",\\"Nee, het staat het hele jaar op zijn plek.\\"],\\"type\\":\\"string\\",\\"prio\\":10010,\\"uuid\\":\\"sloop-seizoen1\\",\\"id\\":\\"dd5aab18a26c4e1e9fe68cbe6c8430fc87086f1258723a6ddb800e742d0b6ed0\\"},{\\"text\\":\\"Wordt de hoeveelheid sloopafval meer dan 10 kubieke meter (m3)?\\",\\"description\\":\\"Hoeveel sloopafval er ontstaat, hangt af van wat u wilt gaan slopen. Enkele voorbeelden:\\\\n\\\\n*   Een schuurtje van 12 vierkante meter is ongeveer 4 m3 sloopafval.\\\\n*   Een dak van 20 vierkante meter levert ongeveer 7 m3 sloopafval op.\\\\n*   Muren verwijderen van 3 kamers of een verdieping: ongeveer 11 m3 sloopafval.\\\\n*   Een muur van 10 meter lang en 2,5 meter hoog is ongeveer 4 m3 sloopafval.\\",\\"type\\":\\"boolean\\",\\"prio\\":10020,\\"id\\":\\"7a0604231d77879ec3f0cfe493935e7aa8c913a4bdf5915d32a378a370a7fb7f\\"},{\\"text\\":\\"Zit er asbest in het bouwwerk dat u gaat slopen?\\",\\"description\\":\\"Een bouwwerk is bijvoorbeeld een gebouw of een schuur. Ook een muur of een schutting is een bouwwerk.  \\\\n\\\\nDe kans op asbest in bouwwerken gebouwd vanaf 1994 is klein.\\",\\"type\\":\\"boolean\\",\\"prio\\":10030,\\"id\\":\\"6271280c2e9cd373a835290fb8df2be617d0222443067fc109ad54b68120e772\\"},{\\"text\\":\\"Hebt u van de gemeente een brief ontvangen waarin staat dat u moet slopen?\\",\\"type\\":\\"boolean\\",\\"prio\\":10040,\\"uuid\\":\\"sloop-aanschrijving1\\",\\"id\\":\\"d6b7dc69e531be17b83696ba9d0ba072ab42d5eab3aba506dcaafc7dcc2e025e\\"}],\\"decisions\\":{\\"14e2d02ebe0aea0919cf41a80845219408f9a659082b2e3c101b2652d0cebc13\\":{\\"requiredInputs\\":[\\"dd5aab18a26c4e1e9fe68cbe6c8430fc87086f1258723a6ddb800e742d0b6ed0\\",\\"7a0604231d77879ec3f0cfe493935e7aa8c913a4bdf5915d32a378a370a7fb7f\\",\\"d6b7dc69e531be17b83696ba9d0ba072ab42d5eab3aba506dcaafc7dcc2e025e\\"],\\"decisionTable\\":{\\"rules\\":[{\\"inputs\\":[\\"\\\\\\"Nee, het staat het hele jaar op zijn plek.\\\\\\"\\",true,false],\\"output\\":\\"\\\\\\"Meldingsplicht\\\\\\"\\"},{\\"inputs\\":[\\"\\\\\\"Ja, het staat maar een deel van het jaar op zijn plek.\\\\\\"\\",\\"-\\",\\"-\\"],\\"output\\":\\"\\\\\\"no hit\\\\\\"\\"},{\\"inputs\\":[\\"-\\",false,\\"-\\"],\\"output\\":\\"\\\\\\"no hit\\\\\\"\\"},{\\"inputs\\":[\\"-\\",\\"-\\",true],\\"output\\":\\"\\\\\\"no hit\\\\\\"\\"}]}},\\"0e19d798d84bf6ca84b8f305d47710c94e79b8eef1f87dbcccc11c95de52a737\\":{\\"requiredInputs\\":[\\"dd5aab18a26c4e1e9fe68cbe6c8430fc87086f1258723a6ddb800e742d0b6ed0\\",\\"7a0604231d77879ec3f0cfe493935e7aa8c913a4bdf5915d32a378a370a7fb7f\\",\\"6271280c2e9cd373a835290fb8df2be617d0222443067fc109ad54b68120e772\\",\\"d6b7dc69e531be17b83696ba9d0ba072ab42d5eab3aba506dcaafc7dcc2e025e\\"],\\"decisionTable\\":{\\"rules\\":[{\\"inputs\\":[\\"\\\\\\"Nee, het staat het hele jaar op zijn plek.\\\\\\"\\",false,true,false],\\"output\\":\\"\\\\\\"Meldingsplicht\\\\\\"\\"},{\\"inputs\\":[\\"\\\\\\"Ja, het staat maar een deel van het jaar op zijn plek.\\\\\\"\\",\\"-\\",\\"-\\",\\"-\\"],\\"output\\":\\"\\\\\\"no hit\\\\\\"\\"},{\\"inputs\\":[\\"-\\",true,\\"-\\",\\"-\\"],\\"output\\":\\"\\\\\\"no hit\\\\\\"\\"},{\\"inputs\\":[\\"-\\",\\"-\\",false,\\"-\\"],\\"output\\":\\"\\\\\\"no hit\\\\\\"\\"},{\\"inputs\\":[\\"-\\",\\"-\\",\\"-\\",true],\\"output\\":\\"\\\\\\"no hit\\\\\\"\\"}]}},\\"dummy\\":{\\"requiredDecisions\\":[\\"14e2d02ebe0aea0919cf41a80845219408f9a659082b2e3c101b2652d0cebc13\\",\\"0e19d798d84bf6ca84b8f305d47710c94e79b8eef1f87dbcccc11c95de52a737\\"],\\"decisionTable\\":{\\"rules\\":[{\\"inputs\\":[\\"\\\\\\"Meldingsplicht\\\\\\"\\",\\"-\\"],\\"output\\":\\"\\\\\\"Meldingsplicht\\\\\\"\\"},{\\"inputs\\":[\\"-\\",\\"\\\\\\"Meldingsplicht\\\\\\"\\"],\\"output\\":\\"\\\\\\"Meldingsplicht\\\\\\"\\"},{\\"inputs\\":[\\"\\\\\\"no hit\\\\\\"\\",\\"\\\\\\"no hit\\\\\\"\\"],\\"output\\":\\"\\\\\\"Toestemmingsvrij\\\\\\"\\"}]}}}},{\\"name\\":\\"Sloopvergunning - toestemming monument\\",\\"questions\\":[{\\"text\\":\\"Staat er een monument op het adres waar u gaat slopen?\\",\\"description\\":\\"Het rijk of de gemeente kan een gebouw, schuur of fontein als monument aanwijzen.\\",\\"autofill\\":\\"monumentOnAddress\\",\\"options\\":[\\"Ja, een rijksmonument.\\",\\"Ja, een gemeentelijk monument.\\",\\"Nee, geen monument.\\"],\\"type\\":\\"string\\",\\"prio\\":20010,\\"id\\":\\"5bc4e7f7a898ac0db05844c25f16fe0123a524b3e9ac499986c4309dae18e6ce\\"},{\\"text\\":\\"Gaat u een deel van een bouwwerk slopen?\\",\\"description\\":\\"Een bouwwerk is bijvoorbeeld een gebouw of een schuur. Ook een muur of een schutting is een bouwwerk.\\\\n\\\\nEen deel van een bouwwerk is bijvoorbeeld een raamkozijn, een dakkapel of een dak.\\",\\"type\\":\\"boolean\\",\\"prio\\":20020,\\"uuid\\":\\"sloop-onderhoud1\\",\\"id\\":\\"7ee0cba2ec6d0ab6fc18a947db4bb81f6832033008810e8df64bfd311c358734\\"},{\\"text\\":\\"Gaat u dat deel vervangen door een nieuw deel?\\",\\"description\\":\\"U gaat bijvoorbeeld een raamkozijn, een dakkapel of een dak vervangen door een nieuwe.\\",\\"type\\":\\"boolean\\",\\"prio\\":20030,\\"uuid\\":\\"sloop-onderhoud2\\",\\"id\\":\\"318b7c65cff242e9b7bab012a1fc795b19fa1800da363f02bb811fa27d48a1c7\\"},{\\"text\\":\\"Verandert de kleur of het soort materiaal?\\",\\"type\\":\\"boolean\\",\\"prio\\":20040,\\"uuid\\":\\"sloop-onderhoud3\\",\\"id\\":\\"7485449c18399968e3ce84ec09db4c5759d5d2cc6623015e350dcadc2a4e2f55\\"},{\\"text\\":\\"Verandert de vorm, de grootte of het profiel?\\",\\"description\\":\\"U vervangt bijvoorbeeld de openslaande deuren door een schuifpui, waardoor het profiel van het kozijn verandert.\\\\n\\\\nOf u verandert de dikte van het dak. Een ander voorbeeld is dat u het dak schuiner of rechter op het gebouw plaatst.\\",\\"type\\":\\"boolean\\",\\"prio\\":20050,\\"uuid\\":\\"sloop-onderhoud4\\",\\"id\\":\\"3a152d4b1a492c84c3e7d9974f6756e28521755c7ead05aa7bdd56d419ca1156\\"}],\\"decisions\\":{\\"caaf19b3e1d950f1134a2f2253337ed414c0fca5ba7f8e5286b40a542393d3f7\\":{\\"requiredInputs\\":[\\"5bc4e7f7a898ac0db05844c25f16fe0123a524b3e9ac499986c4309dae18e6ce\\",\\"7ee0cba2ec6d0ab6fc18a947db4bb81f6832033008810e8df64bfd311c358734\\"],\\"decisionTable\\":{\\"rules\\":[{\\"inputs\\":[\\"\\\\\\"Ja, een rijksmonument.\\\\\\"\\",false],\\"output\\":\\"\\\\\\"Vergunningplicht\\\\\\"\\"},{\\"inputs\\":[\\"\\\\\\"Ja, een gemeentelijk monument.\\\\\\"\\",false],\\"output\\":\\"\\\\\\"Vergunningplicht\\\\\\"\\"},{\\"inputs\\":[\\"\\\\\\"Nee, geen monument.\\\\\\"\\",\\"-\\"],\\"output\\":\\"\\\\\\"no hit\\\\\\"\\"},{\\"inputs\\":[\\"-\\",true],\\"output\\":\\"\\\\\\"no hit\\\\\\"\\"}]}},\\"6e2aa5c0bc512114d12f725f116cc8adb2e3f6ef621511736695cb399d083e8e\\":{\\"requiredInputs\\":[\\"5bc4e7f7a898ac0db05844c25f16fe0123a524b3e9ac499986c4309dae18e6ce\\",\\"7ee0cba2ec6d0ab6fc18a947db4bb81f6832033008810e8df64bfd311c358734\\",\\"318b7c65cff242e9b7bab012a1fc795b19fa1800da363f02bb811fa27d48a1c7\\"],\\"decisionTable\\":{\\"rules\\":[{\\"inputs\\":[\\"\\\\\\"Ja, een rijksmonument.\\\\\\"\\",true,false],\\"output\\":\\"\\\\\\"Vergunningplicht\\\\\\"\\"},{\\"inputs\\":[\\"\\\\\\"Ja, een gemeentelijk monument.\\\\\\"\\",true,false],\\"output\\":\\"\\\\\\"Vergunningplicht\\\\\\"\\"},{\\"inputs\\":[\\"\\\\\\"Nee, geen monument.\\\\\\"\\",\\"-\\",\\"-\\"],\\"output\\":\\"\\\\\\"no hit\\\\\\"\\"},{\\"inputs\\":[\\"-\\",false,\\"-\\"],\\"output\\":\\"\\\\\\"no hit\\\\\\"\\"},{\\"inputs\\":[\\"-\\",\\"-\\",true],\\"output\\":\\"\\\\\\"no hit\\\\\\"\\"}]}},\\"5d785cc8d5f5f2b41c8a600061f178d8f230366e94c34decc880a150f783b1b8\\":{\\"requiredInputs\\":[\\"5bc4e7f7a898ac0db05844c25f16fe0123a524b3e9ac499986c4309dae18e6ce\\",\\"7ee0cba2ec6d0ab6fc18a947db4bb81f6832033008810e8df64bfd311c358734\\",\\"318b7c65cff242e9b7bab012a1fc795b19fa1800da363f02bb811fa27d48a1c7\\",\\"7485449c18399968e3ce84ec09db4c5759d5d2cc6623015e350dcadc2a4e2f55\\"],\\"decisionTable\\":{\\"rules\\":[{\\"inputs\\":[\\"\\\\\\"Ja, een rijksmonument.\\\\\\"\\",true,true,true],\\"output\\":\\"\\\\\\"Vergunningplicht\\\\\\"\\"},{\\"inputs\\":[\\"\\\\\\"Ja, een gemeentelijk monument.\\\\\\"\\",true,true,true],\\"output\\":\\"\\\\\\"Vergunningplicht\\\\\\"\\"},{\\"inputs\\":[\\"\\\\\\"Nee, geen monument.\\\\\\"\\",\\"-\\",\\"-\\",\\"-\\"],\\"output\\":\\"\\\\\\"no hit\\\\\\"\\"},{\\"inputs\\":[\\"-\\",false,\\"-\\",\\"-\\"],\\"output\\":\\"\\\\\\"no hit\\\\\\"\\"},{\\"inputs\\":[\\"-\\",\\"-\\",false,\\"-\\"],\\"output\\":\\"\\\\\\"no hit\\\\\\"\\"},{\\"inputs\\":[\\"-\\",\\"-\\",\\"-\\",false],\\"output\\":\\"\\\\\\"no hit\\\\\\"\\"}]}},\\"21a6e245c3ac41cb4674c5994389175fe51e1c11cd0672ea081d0d841e085cfd\\":{\\"requiredInputs\\":[\\"5bc4e7f7a898ac0db05844c25f16fe0123a524b3e9ac499986c4309dae18e6ce\\",\\"7ee0cba2ec6d0ab6fc18a947db4bb81f6832033008810e8df64bfd311c358734\\",\\"318b7c65cff242e9b7bab012a1fc795b19fa1800da363f02bb811fa27d48a1c7\\",\\"7485449c18399968e3ce84ec09db4c5759d5d2cc6623015e350dcadc2a4e2f55\\",\\"3a152d4b1a492c84c3e7d9974f6756e28521755c7ead05aa7bdd56d419ca1156\\"],\\"decisionTable\\":{\\"rules\\":[{\\"inputs\\":[\\"\\\\\\"Ja, een rijksmonument.\\\\\\"\\",true,true,false,true],\\"output\\":\\"\\\\\\"Vergunningplicht\\\\\\"\\"},{\\"inputs\\":[\\"\\\\\\"Ja, een gemeentelijk monument.\\\\\\"\\",true,true,false,true],\\"output\\":\\"\\\\\\"Vergunningplicht\\\\\\"\\"},{\\"inputs\\":[\\"\\\\\\"Nee, geen monument.\\\\\\"\\",\\"-\\",\\"-\\",\\"-\\",\\"-\\"],\\"output\\":\\"\\\\\\"no hit\\\\\\"\\"},{\\"inputs\\":[\\"-\\",false,\\"-\\",\\"-\\",\\"-\\"],\\"output\\":\\"\\\\\\"no hit\\\\\\"\\"},{\\"inputs\\":[\\"-\\",\\"-\\",false,\\"-\\",\\"-\\"],\\"output\\":\\"\\\\\\"no hit\\\\\\"\\"},{\\"inputs\\":[\\"-\\",\\"-\\",\\"-\\",true,\\"-\\"],\\"output\\":\\"\\\\\\"no hit\\\\\\"\\"},{\\"inputs\\":[\\"-\\",\\"-\\",\\"-\\",\\"-\\",false],\\"output\\":\\"\\\\\\"no hit\\\\\\"\\"}]}},\\"dummy\\":{\\"requiredDecisions\\":[\\"caaf19b3e1d950f1134a2f2253337ed414c0fca5ba7f8e5286b40a542393d3f7\\",\\"6e2aa5c0bc512114d12f725f116cc8adb2e3f6ef621511736695cb399d083e8e\\",\\"5d785cc8d5f5f2b41c8a600061f178d8f230366e94c34decc880a150f783b1b8\\",\\"21a6e245c3ac41cb4674c5994389175fe51e1c11cd0672ea081d0d841e085cfd\\"],\\"decisionTable\\":{\\"rules\\":[{\\"inputs\\":[\\"\\\\\\"Vergunningplicht\\\\\\"\\",\\"-\\",\\"-\\",\\"-\\"],\\"output\\":\\"\\\\\\"Vergunningplicht\\\\\\"\\"},{\\"inputs\\":[\\"-\\",\\"\\\\\\"Vergunningplicht\\\\\\"\\",\\"-\\",\\"-\\"],\\"output\\":\\"\\\\\\"Vergunningplicht\\\\\\"\\"},{\\"inputs\\":[\\"-\\",\\"-\\",\\"\\\\\\"Vergunningplicht\\\\\\"\\",\\"-\\"],\\"output\\":\\"\\\\\\"Vergunningplicht\\\\\\"\\"},{\\"inputs\\":[\\"-\\",\\"-\\",\\"-\\",\\"\\\\\\"Vergunningplicht\\\\\\"\\"],\\"output\\":\\"\\\\\\"Vergunningplicht\\\\\\"\\"},{\\"inputs\\":[\\"\\\\\\"no hit\\\\\\"\\",\\"\\\\\\"no hit\\\\\\"\\",\\"\\\\\\"no hit\\\\\\"\\",\\"\\\\\\"no hit\\\\\\"\\"],\\"output\\":\\"\\\\\\"Toestemmingsvrij\\\\\\"\\"}]}}}}]}"`;
