// Jest Snapshot v1, https://goo.gl/fbAQLP

exports[`Accommodation loader Basic functions module result 1`] = `
Array [
  Object {
    "lat": 121263,
    "lon": 484745,
    "mainAddressNationalId": "0363200000372662",
  },
]
`;

exports[`Accommodation loader Basic functions module result 2`] = `
Array [
  Object {
    "lat": 121607,
    "lon": 487996,
    "mainAddressNationalId": "0363200000409571",
  },
]
`;
